
Memory Configuration

Name             Origin             Length             Attributes
FLASH            0x0000000000000000 0x0000000000080000 xr
RAM              0x0000000020000000 0x0000000000020000 xrw
*default*        0x0000000000000000 0xffffffffffffffff

Linker script and memory map


.text           0x0000000000000000      0x312
 *(.vectors)
 .vectors       0x0000000000000000       0xc0 ./output/startup_ARMCM4.o
                0x0000000000000000                __Vectors
 *(.text*)
 .text          0x00000000000000c0       0x22 ./output/main.o
                0x00000000000000c0                main
 *fill*         0x00000000000000e2        0x2 
 .text          0x00000000000000e4       0xc8 ./output/function.o
                0x00000000000000e4                led_pin_init
                0x0000000000000124                Led_on
                0x0000000000000148                Led_off
                0x000000000000016c                delay
 .text          0x00000000000001ac        0x8 ./output/startup_ARMCM4.o
                0x00000000000001ac                Reset_Handler
                0x00000000000001b0                DebugMon_Handler
                0x00000000000001b0                HardFault_Handler
                0x00000000000001b0                SysTick_Handler
                0x00000000000001b0                PendSV_Handler
                0x00000000000001b0                NMI_Handler
                0x00000000000001b0                UART1_IRQHandler
                0x00000000000001b0                FLEXRAY_IRQHandler
                0x00000000000001b0                UART0_IRQHandler
                0x00000000000001b0                UsageFault_Handler
                0x00000000000001b0                MCIB_IRQHandler
                0x00000000000001b0                AACI_IRQHandler
                0x00000000000001b0                CAN_IRQHandler
                0x00000000000001b0                CHLCD_IRQHandler
                0x00000000000001b0                USBDC_IRQHandler
                0x00000000000001b0                USBHC_IRQHandler
                0x00000000000001b0                RTC_IRQHandler
                0x00000000000001b0                SPI_IRQHandler
                0x00000000000001b0                UART2_IRQHandler
                0x00000000000001b0                UART4_IRQHandler
                0x00000000000001b0                CLCD_IRQHandler
                0x00000000000001b0                TIM0_IRQHandler
                0x00000000000001b0                I2C_IRQHandler
                0x00000000000001b0                MemManage_Handler
                0x00000000000001b0                WDT_IRQHandler
                0x00000000000001b0                SVC_Handler
                0x00000000000001b0                TIM2_IRQHandler
                0x00000000000001b0                LIN_IRQHandler
                0x00000000000001b0                CPU_CLCD_IRQHandler
                0x00000000000001b0                BusFault_Handler
                0x00000000000001b0                UART3_IRQHandler
                0x00000000000001b0                MCIA_IRQHandler
                0x00000000000001b0                ENET_IRQHandler
 .text          0x00000000000001b4      0x15e /mnt/9E9AE62B9AE6001F/Workspace/GPIO_driver/Compiled/gpio_driver.o
                0x000000000000026a                gpio_init
                0x00000000000002c4                output_set_reset
 *(.init)
 *(.fini)
 *crtbegin.o(.ctors)
 *crtbegin?.o(.ctors)
 *(EXCLUDE_FILE(*crtend.o *crtend?.o) .ctors)
 *(SORT_BY_NAME(.ctors.*))
 *(.ctors)
 *crtbegin.o(.dtors)
 *crtbegin?.o(.dtors)
 *(EXCLUDE_FILE(*crtend.o *crtend?.o) .dtors)
 *(SORT_BY_NAME(.dtors.*))
 *(.dtors)
 *(.rodata*)
 *(.eh_frame*)

.glue_7         0x0000000000000314        0x0
 .glue_7        0x0000000000000314        0x0 linker stubs

.glue_7t        0x0000000000000314        0x0
 .glue_7t       0x0000000000000314        0x0 linker stubs

.vfp11_veneer   0x0000000000000314        0x0
 .vfp11_veneer  0x0000000000000314        0x0 linker stubs

.v4_bx          0x0000000000000314        0x0
 .v4_bx         0x0000000000000314        0x0 linker stubs

.iplt           0x0000000000000314        0x0
 .iplt          0x0000000000000314        0x0 ./output/main.o

.rel.dyn        0x0000000000000314        0x0
 .rel.iplt      0x0000000000000314        0x0 ./output/main.o

.ARM.extab
 *(.ARM.extab* .gnu.linkonce.armextab.*)
                0x0000000000000314                __exidx_start = .

.ARM.exidx
 *(.ARM.exidx* .gnu.linkonce.armexidx.*)
                0x0000000000000314                __exidx_end = .
                0x0000000000000314                __etext = ALIGN (0x4)

.data           0x0000000020000000        0x0 load address 0x0000000000000314
                0x0000000020000000                __data_start__ = .
 *(vtable)
 *(.data*)
 .data          0x0000000020000000        0x0 ./output/main.o
 .data          0x0000000020000000        0x0 ./output/function.o
 .data          0x0000000020000000        0x0 ./output/startup_ARMCM4.o
 .data          0x0000000020000000        0x0 /mnt/9E9AE62B9AE6001F/Workspace/GPIO_driver/Compiled/gpio_driver.o
                0x0000000020000000                . = ALIGN (0x4)
                [!provide]                        PROVIDE (__preinit_array_start = .)
 *(.preinit_array)
                [!provide]                        PROVIDE (__preinit_array_end = .)
                0x0000000020000000                . = ALIGN (0x4)
                [!provide]                        PROVIDE (__init_array_start = .)
 *(SORT_BY_NAME(.init_array.*))
 *(.init_array)
                [!provide]                        PROVIDE (__init_array_end = .)
                0x0000000020000000                . = ALIGN (0x4)
                [!provide]                        PROVIDE (__fini_array_start = .)
 *(SORT_BY_NAME(.fini_array.*))
 *(.fini_array)
                [!provide]                        PROVIDE (__fini_array_end = .)
 *(.jcr*)
                0x0000000020000000                . = ALIGN (0x4)
                0x0000000020000000                __data_end__ = .

.igot.plt       0x0000000020000000        0x0 load address 0x0000000000000314
 .igot.plt      0x0000000020000000        0x0 ./output/main.o

.bss            0x0000000020000000        0x0 load address 0x0000000000000314
                0x0000000020000000                . = ALIGN (0x4)
                0x0000000020000000                __bss_start__ = .
 *(.bss*)
 .bss           0x0000000020000000        0x0 ./output/main.o
 .bss           0x0000000020000000        0x0 ./output/function.o
 .bss           0x0000000020000000        0x0 ./output/startup_ARMCM4.o
 .bss           0x0000000020000000        0x0 /mnt/9E9AE62B9AE6001F/Workspace/GPIO_driver/Compiled/gpio_driver.o
 *(COMMON)
                0x0000000020000000                . = ALIGN (0x4)
                0x0000000020000000                __bss_end__ = .

.heap           0x0000000020000000      0xc00
                0x0000000020000000                __end__ = .
                [!provide]                        PROVIDE (end = .)
 *(.heap*)
 .heap          0x0000000020000000      0xc00 ./output/startup_ARMCM4.o
                0x0000000020000000                __HeapBase
                0x0000000020000c00                __HeapLimit = .

.stack_dummy    0x0000000020000000      0x400
 *(.stack*)
 .stack         0x0000000020000000      0x400 ./output/startup_ARMCM4.o
                0x0000000020020000                __StackTop = (ORIGIN (RAM) + LENGTH (RAM))
                0x000000002001fc00                __StackLimit = (__StackTop - SIZEOF (.stack_dummy))
                [!provide]                        PROVIDE (__stack = __StackTop)
                0x0000000000000001                ASSERT ((__StackLimit >= __HeapLimit), region RAM overflowed with stack)
LOAD ./output/main.o
LOAD ./output/function.o
LOAD ./output/startup_ARMCM4.o
LOAD /mnt/9E9AE62B9AE6001F/Workspace/GPIO_driver/Compiled/gpio_driver.o
OUTPUT(./output/stm32f411_gpio_output.elf elf32-littlearm)

.debug_info     0x0000000000000000      0x5f8
 .debug_info    0x0000000000000000       0x81 ./output/main.o
 .debug_info    0x0000000000000081      0x241 ./output/function.o
 .debug_info    0x00000000000002c2      0x336 /mnt/9E9AE62B9AE6001F/Workspace/GPIO_driver/Compiled/gpio_driver.o

.debug_abbrev   0x0000000000000000      0x280
 .debug_abbrev  0x0000000000000000       0x44 ./output/main.o
 .debug_abbrev  0x0000000000000044      0x115 ./output/function.o
 .debug_abbrev  0x0000000000000159      0x127 /mnt/9E9AE62B9AE6001F/Workspace/GPIO_driver/Compiled/gpio_driver.o

.debug_aranges  0x0000000000000000       0x60
 .debug_aranges
                0x0000000000000000       0x20 ./output/main.o
 .debug_aranges
                0x0000000000000020       0x20 ./output/function.o
 .debug_aranges
                0x0000000000000040       0x20 /mnt/9E9AE62B9AE6001F/Workspace/GPIO_driver/Compiled/gpio_driver.o

.debug_line     0x0000000000000000      0x314
 .debug_line    0x0000000000000000       0x54 ./output/main.o
 .debug_line    0x0000000000000054      0x181 ./output/function.o
 .debug_line    0x00000000000001d5      0x13f /mnt/9E9AE62B9AE6001F/Workspace/GPIO_driver/Compiled/gpio_driver.o

.debug_str      0x0000000000000000      0x26f
 .debug_str     0x0000000000000000       0xf3 ./output/main.o
                                        0x127 (size before relaxing)
 .debug_str     0x00000000000000f3       0xb8 ./output/function.o
                                        0x1e9 (size before relaxing)
 .debug_str     0x00000000000001ab       0xc4 /mnt/9E9AE62B9AE6001F/Workspace/GPIO_driver/Compiled/gpio_driver.o
                                        0x253 (size before relaxing)

.comment        0x0000000000000000       0x7f
 .comment       0x0000000000000000       0x7f ./output/main.o
                                         0x80 (size before relaxing)
 .comment       0x000000000000007f       0x80 ./output/function.o
 .comment       0x000000000000007f       0x80 /mnt/9E9AE62B9AE6001F/Workspace/GPIO_driver/Compiled/gpio_driver.o

.ARM.attributes
                0x0000000000000000       0x31
 .ARM.attributes
                0x0000000000000000       0x33 ./output/main.o
 .ARM.attributes
                0x0000000000000033       0x33 ./output/function.o
 .ARM.attributes
                0x0000000000000066       0x1b ./output/startup_ARMCM4.o
 .ARM.attributes
                0x0000000000000081       0x33 /mnt/9E9AE62B9AE6001F/Workspace/GPIO_driver/Compiled/gpio_driver.o

.debug_frame    0x0000000000000000      0x1cc
 .debug_frame   0x0000000000000000       0x2c ./output/main.o
 .debug_frame   0x000000000000002c       0xa4 ./output/function.o
 .debug_frame   0x00000000000000d0       0xfc /mnt/9E9AE62B9AE6001F/Workspace/GPIO_driver/Compiled/gpio_driver.o
